\BOOKMARK [1][]{section.1}{\376\377\116\000\060\001\000\040\225\356\230\230\221\315\217\360}{}% 1
\BOOKMARK [1][]{section.2}{\376\377\116\214\060\001\000\040\225\356\230\230\122\006\147\220}{}% 2
\BOOKMARK [1][]{section.3}{\376\377\116\011\060\001\000\040\152\041\127\213\120\107\213\276}{}% 3
\BOOKMARK [1][]{section.4}{\376\377\126\333\060\001\000\040\173\046\123\367\213\364\146\016}{}% 4
\BOOKMARK [1][]{section.5}{\376\377\116\224\060\001\000\040\225\356\230\230\0001\377\032\116\244\117\032\133\232\117\115\123\072\127\337\166\204\166\364\137\204\116\016\211\206\166\326\140\047}{}% 5
\BOOKMARK [2][]{subsection.5.1}{\376\377\0005\000.\0001\000\040\136\372\152\041\133\371\214\141}{section.5}% 6
\BOOKMARK [2][]{subsection.5.2}{\376\377\0005\000.\0002\000\040\123\357\210\114\140\047\060\001\145\340\165\114\140\047\116\016\230\166\160\271\147\232\116\076}{section.5}% 7
\BOOKMARK [2][]{subsection.5.3}{\376\377\0005\000.\0003\000\040\166\364\137\204\173\227\154\325}{section.5}% 8
\BOOKMARK [2][]{subsection.5.4}{\376\377\0005\000.\0004\000\040\166\364\137\204\127\006\116\000\202\054\116\015\200\375\211\206\166\326\133\232\117\115\123\072\127\337}{section.5}% 9
\BOOKMARK [2][]{subsection.5.5}{\376\377\0005\000.\0005\000\040\116\016\124\016\225\356\166\204\210\124\143\245}{section.5}% 10
\BOOKMARK [1][]{section.6}{\376\377\121\155\060\001\000\040\225\356\230\230\0002\377\032\173\054\116\214\150\300\155\113\160\271\166\204\220\011\142\351\116\016\120\031\220\011\123\072\127\337}{}% 11
\BOOKMARK [2][]{subsection.6.1}{\376\377\0006\000.\0001\000\040\116\373\122\241\116\016\040\034\217\203\131\175\040\035\166\204\124\053\116\111}{section.6}% 12
\BOOKMARK [2][]{subsection.6.2}{\376\377\0006\000.\0002\000\040\173\054\116\000\160\271\124\016\166\204\123\357\210\114\131\026\123\005}{section.6}% 13
\BOOKMARK [2][]{subsection.6.3}{\376\377\0006\000.\0003\000\040\143\222\136\217\143\007\150\007\000\040\000J\000\050\000q\000\051}{section.6}% 14
\BOOKMARK [2][]{subsection.6.4}{\376\377\0006\000.\0004\000\040\120\031\220\011\123\072\127\337}{section.6}% 15
\BOOKMARK [2][]{subsection.6.5}{\376\377\0006\000.\0005\000\040\134\017\176\323}{section.6}% 16
\BOOKMARK [1][]{section.7}{\376\377\116\003\060\001\000\040\225\356\230\230\0003\377\032\121\150\124\021\156\220\166\204\127\050\176\277\133\232\117\115\116\016\156\005\226\144}{}% 17
\BOOKMARK [2][]{subsection.7.1}{\376\377\0007\000.\0001\000\040\166\356\150\007\060\001\117\341\140\157\226\306\116\016\133\214\131\007\140\047}{section.7}% 18
\BOOKMARK [2][]{subsection.7.2}{\376\377\0007\000.\0002\000\040\116\003\160\271\123\321\163\260\211\206\166\326}{section.7}% 19
\BOOKMARK [2][]{subsection.7.3}{\376\377\0007\000.\0003\000\040\134\100\220\350\133\232\117\115\116\016\000\040\000G\000R\000E\000E\000D\000Y\000\137\000F\000A\000S\000T}{section.7}% 20
\BOOKMARK [2][]{subsection.7.4}{\376\377\0007\000.\0004\000\040\227\136\153\143\137\017\157\024\176\303\133\371\161\147}{section.7}% 21
\BOOKMARK [2][]{subsection.7.5}{\376\377\0007\000.\0005\000\040\153\143\137\017\155\113\213\325\176\323\147\234}{section.7}% 22
\BOOKMARK [1][]{section.8}{\376\377\121\153\060\001\000\040\225\356\230\230\0004\377\032\121\150\124\021\116\016\133\232\124\021\155\367\124\010\156\220\166\204\150\300\155\113\116\016\156\005\226\144}{}% 23
\BOOKMARK [2][]{subsection.8.1}{\376\377\0008\000.\0001\000\040\225\356\230\230\0003\116\015\200\375\123\237\150\067\144\054\147\145\166\204\123\237\126\340}{section.8}% 24
\BOOKMARK [2][]{subsection.8.2}{\376\377\0008\000.\0002\000\040\000S\000Q\000U\000A\000R\000E\0008\0001\000\040\211\206\166\326\124\175\230\230}{section.8}% 25
\BOOKMARK [2][]{subsection.8.3}{\376\377\0008\000.\0003\000\040\000H\000E\000X\0003\0007\000\040\211\206\166\326\124\175\230\230}{section.8}% 26
\BOOKMARK [2][]{subsection.8.4}{\376\377\0008\000.\0004\000\040\127\050\176\277\154\102\211\343\126\150}{section.8}% 27
\BOOKMARK [2][]{subsection.8.5}{\376\377\0008\000.\0005\000\040\145\347\162\110\131\061\215\045\116\016\117\356\131\015}{section.8}% 28
\BOOKMARK [2][]{subsection.8.6}{\376\377\0008\000.\0006\000\040\211\206\166\326\134\102\133\371\161\147\116\016\133\373\215\357}{section.8}% 29
\BOOKMARK [2][]{subsection.8.7}{\376\377\0008\000.\0007\000\040\227\136\153\143\137\017\157\024\176\303}{section.8}% 30
\BOOKMARK [2][]{subsection.8.8}{\376\377\0008\000.\0008\000\040\153\143\137\017\155\113\213\325\176\323\147\234}{section.8}% 31
\BOOKMARK [1][]{section.9}{\376\377\116\135\060\001\000\040\152\041\127\213\150\300\232\214\116\016\145\117\141\037\140\047}{}% 32
\BOOKMARK [2][]{subsection.9.1}{\376\377\0009\000.\0001\000\040\225\356\230\230\0001\166\204\121\340\117\125\116\015\123\330\221\317}{section.9}% 33
\BOOKMARK [2][]{subsection.9.2}{\376\377\0009\000.\0002\000\040\225\356\230\230\0002\137\000\123\321\226\306}{section.9}% 34
\BOOKMARK [2][]{subsection.9.3}{\376\377\0009\000.\0003\000\040\225\356\230\230\0003\173\126\165\145\155\210\207\215}{section.9}% 35
\BOOKMARK [2][]{subsection.9.4}{\376\377\0009\000.\0004\000\040\225\356\230\230\0004\154\102\211\343\126\150\117\356\131\015\116\016\165\131\121\372}{section.9}% 36
\BOOKMARK [2][]{subsection.9.5}{\376\377\0009\000.\0005\000\040\211\206\166\326\134\102\116\016\133\373\215\357}{section.9}% 37
\BOOKMARK [2][]{subsection.9.6}{\376\377\0009\000.\0006\000\040\150\300\232\214\217\271\165\114}{section.9}% 38
\BOOKMARK [1][]{section.10}{\376\377\123\101\060\001\000\040\152\041\127\213\213\304\116\367\116\016\143\250\136\177}{}% 39
\BOOKMARK [2][]{subsection.10.1}{\376\377\0001\0000\000.\0001\000\040\117\030\160\271}{section.10}% 40
\BOOKMARK [2][]{subsection.10.2}{\376\377\0001\0000\000.\0002\000\040\177\072\160\271\116\016\147\052\133\214\142\020\230\171}{section.10}% 41
\BOOKMARK [2][]{subsection.10.3}{\376\377\0001\0000\000.\0003\000\040\143\250\136\177}{section.10}% 42
\BOOKMARK [1][]{section*.22}{\376\377\123\302\200\003\145\207\163\056}{}% 43
\BOOKMARK [1][]{appendix.1.A}{\376\377\226\104\137\125\000\040\000A\000\040\172\013\136\217\213\364\146\016\116\016\150\070\137\303\116\343\170\001}{}% 44
\BOOKMARK [2][]{subsection.1.A.1}{\376\377\0001\000.\0001\000\040\164\006\213\272\142\107\123\112\137\204}{appendix.1.A}% 45
\BOOKMARK [2][]{subsection.1.A.2}{\376\377\0001\000.\0002\000\040\000H\000E\000X\0003\0007\000\040\211\206\166\326\123\112\137\204\116\016\121\273\176\323\215\357\137\204}{appendix.1.A}% 46
\BOOKMARK [2][]{subsection.1.A.3}{\376\377\0001\000.\0003\000\040\121\111\133\146\145\271\150\074\217\271\225\177}{appendix.1.A}% 47
